[20:19:45] === clean-boot IQ attempt ===
[20:19:45] stop ModemManager
[20:19:46] start diag server (publish + listen), IQ seq scheduled at +30s
[20:19:49] clean stop/start remoteproc0 (fresh boot, RF registers, connected==0)
[20:19:49] stop rc=0
[20:19:54] start rc=0
[20:19:58]   +4s state=running crashes=0 rf1x=0
[20:20:02]   +8s state=running crashes=0 rf1x=0
[20:20:06]   +12s state=running crashes=0 rf1x=0
[20:20:10]   +16s state=running crashes=0 rf1x=0
[20:20:14]   +20s state=running crashes=0 rf1x=0
[20:20:18]   +24s state=running crashes=0 rf1x=0
[20:20:18] waiting for diag server to finish its window...
[20:21:03] --- handshake markers ---
[4027.38]   that is the modem's feature mask, 3 bytes: f7fe1b
[4028.24]   DIAGID from the modem: id 0x0 name 'msm/modem/root_pd'
[4031.60]   DIAGID from the modem: id 0xc9147e50 name 'msm/modem/wlan_pd'
[20:21:03] --- STEP results (SSR per step) ---
  STEP 1 SSR=0
  STEP 2 SSR=65
  STEP 3 SSR=2
[20:21:03] --- replies (filtered) ---
[4052.29] >>> STEP 1 request: 4b0b27000d000300010004000000000002000400010000000300040000000000
[4052.30]     CMD reply: status 0x4b  4b0b27000d00030001000000000006010000010902000100070300010108040002000205000201050600030003070003010408000400010900040100
[4052.30]     RF-test REPACK: 127 B 607800f36a7d5e8826c785a112011f01020100010401008ac227a119d00000d00000a119d0000000000000000000f6eaaa26
[4052.32]     RF-test REPACK: 127 B 607800f36a6e045aca85a112011f01020100010401008ac227a119d00000d00000a119d0000000000000000000f6ea265a1f
[4052.36]     RF-test REPACK: 10543 B 607800f36acc0ddfcd85a112011f01020100010401008ac227a119d00000d00000a119d0000000000000000000f6ea2fdf1f
[4052.37]     RF-test REPACK: 15799 B 600502f36a593812d185a112011f01020100010401008ac227a119d00000d00000a119d0000000000000000000f6ea59121f
[4054.20]     RF-test REPACK: 9927 B 607800f36ae38b78d785a112011f01020100010401008ac227a119d00000d00000a119d0000000000000000000f6eaad781f
[4055.03]     RF-test REPACK: 133 B 607d5e00f36a6cababda85a112011f01020100010401008ac227a119d00000d00000a119d0000000000000000000f66a430f
[4056.03]     RF-test REPACK: 126 B 607800f36ab115dfdd85a112011f01020100010401008ac227a119d00000d00000a119d0000000000000000000f6ea37df1f
[4056.38]     RF-test REPACK: 11575 B 609900f26aef6463e185a112011f00010100010401008ac227a119d00000d00000a119d0000000000000000000f5eaa36320
[4057.40]     RF-test REPACK: 11711 B 602a00f26af1339de285a112011f01000100010401008ac227a119d00000d00000a119d00000000000000000000d107e9200
[4058.50]     RF-test REPACK: 9935 B 607800f36a8d5997e485a112011f01020100010401008ac227a119d00000d00000a119d0000000000000000000f6ea7c971f
[20:21:03] === DONE ===
