[9092.25] publishing the diag services the AP normally provides
[9092.26] published service 0x1001 instance 0 (CNTL) on node 1 port 0
[9092.26] published service 0x1001 instance 2 (DATA) on node 1 port 0
[9092.27] published service 0x1001 instance 4 (DCI) on node 1 port 0
[9092.27] glink channels before: DATA1 DATA11 DATA2 DATA3 DATA4 DS IPCRTR LOOPBACK_CTL_MPSS SSM_RTR_MODEM_APPS apr_voice_svc glink_ssr rpmsg_ctrl
[9092.28] kick: re-announcing diag servers + pushing feature mask (no restart)
[9094.60]   kick: pushed feature mask 08000000080000000400000015ea1000 to modem CMD (0, 26)
[9094.61] RX on CNTL from (1, 4294967294): 20 bytes: 0600000001000000284000000000000000000000
[9094.61] RX on DATA from (1, 4294967294): 20 bytes: 0600000001000000284000000000000000000000
[9094.62] RX on DCI from (1, 4294967294): 20 bytes: 0600000001000000284000000000000000000000
[9094.82] RX on CNTL from (1, 4294967294): 20 bytes: 0600000000000000890000000000000000000000
[9094.83] RX on DATA from (1, 4294967294): 20 bytes: 0600000000000000890000000000000000000000
[9094.84] RX on DCI from (1, 4294967294): 20 bytes: 0600000000000000890000000000000000000000
[9101.66] modem CMD service at node 0 port 26
[9101.67]   became COMMAND peer (node 1 port 0)
[9102.17] >>> STEP 1 request: 4b0b27000d10000000000005000000000000
[9108.20]     (no direct CMD reply)
[9108.42] >>> STEP 2 request: 4b0b27000d10000000000005000000000000
[9114.44]     (no direct CMD reply)
[9114.65] >>> STEP 3 request: 4b0b27000d10000000000005000000000000
[9120.67]     (no direct CMD reply)
[9120.90] raw-seq done
[9120.96] RX on CNTL from (1, 4294967294): 20 bytes: 0600000001000000284000000000000000000000
[9120.97] RX on DATA from (1, 4294967294): 20 bytes: 0600000001000000284000000000000000000000
[9120.97] RX on DCI from (1, 4294967294): 20 bytes: 0600000001000000284000000000000000000000
[9154.61] done. 3 packets received on the diag services.
[9154.63] DIAG glink channels now: none
