[10078.45] publishing the diag services the AP normally provides
[10078.46] published service 0x1001 instance 0 (CNTL) on node 1 port 0
[10078.47] published service 0x1001 instance 2 (DATA) on node 1 port 0
[10078.47] published service 0x1001 instance 4 (DCI) on node 1 port 0
[10078.47] glink channels before: DATA1 DATA11 DATA2 DATA3 DATA4 DS IPCRTR LOOPBACK_CTL_MPSS SSM_RTR_MODEM_APPS apr_voice_svc glink_ssr rpmsg_ctrl
[10078.48] kick: CNTL-channel handshake, no restart (preserve live RF state)
[10078.48]   kick: modem DIAG service inst 1 at node 0 port 26
[10078.48]   kick: modem DIAG service inst 3 at node 0 port 41
[10080.50]   kick: using modem CNTL peer node 0 port 40
[10080.71]   kick: sent feature mask   on CNTL -> (0, 40): 08000000080000000400000015ea1000
[10080.82]   kick: sent diagid         on CNTL -> (0, 40): 210000001a00000001000000020000006d736d2f6d6f64656d2f726f6f745f706400
[10080.93]   kick: sent tx mode (0x11) on CNTL -> (0, 40): 1100000006000000010000000101
[10081.04] RX on CNTL from (1, 4294967294): 20 bytes: 0600000001000000214000000000000000000000
[10081.04] RX on DATA from (1, 4294967294): 20 bytes: 0600000001000000214000000000000000000000
[10081.05] RX on DCI from (1, 4294967294): 20 bytes: 0600000001000000214000000000000000000000
[10091.10] modem CMD service at node 0 port 26
[10091.10]   became COMMAND peer (node 1 port 0)
[10091.61] >>> STEP 1 request: 4b0b27000d000300010004000000000002000400010000000300040000000000
[10097.64]     (no direct CMD reply)
[10097.85] >>> STEP 2 request: 4b0b27000d100500000000000000000001000400000000001900040001000000050004000300000006000400270600000700040003000000
[10103.87]     (no direct CMD reply)
[10104.09] >>> STEP 3 request: 4b0b27000d10000000000005000000000000
[10108.08]     CMD reply: status 0x06  06000000000000008c0000000000000000000000
[10110.32] raw-seq done
[10110.38] RX on CNTL from (1, 4294967294): 20 bytes: 0600000001000000214000000000000000000000
[10110.38] RX on DATA from (1, 4294967294): 20 bytes: 0600000001000000214000000000000000000000
[10110.38] RX on DCI from (1, 4294967294): 20 bytes: 0600000001000000214000000000000000000000
[10151.08] done. 4 packets received on the diag services.
[10151.10] DIAG glink channels now: none
