[9886.46] publishing the diag services the AP normally provides
[9886.46] published service 0x1001 instance 0 (CNTL) on node 1 port 0
[9886.47] published service 0x1001 instance 2 (DATA) on node 1 port 0
[9886.47] published service 0x1001 instance 4 (DCI) on node 1 port 0
[9886.48] glink channels before: DATA1 DATA11 DATA2 DATA3 DATA4 DS IPCRTR LOOPBACK_CTL_MPSS SSM_RTR_MODEM_APPS apr_voice_svc glink_ssr rpmsg_ctrl
[9886.48] kick: CNTL-channel handshake, no restart (preserve live RF state)
[9886.48]   kick: modem DIAG service inst 1 at node 0 port 26
[10013.81]   kick: sent feature mask   on CNTL -> (0, 26): 08000000080000000400000015ea1000
[10013.92]   kick: sent diagid         on CNTL -> (0, 26): 210000001a00000001000000020000006d736d2f6d6f64656d2f726f6f745f706400
[10014.03]   kick: sent tx mode (0x11) on CNTL -> (0, 26): 1100000006000000010000000101
[10014.14] RX on CNTL from (1, 4294967294): 20 bytes: 0600000001000000284000000000000000000000
[10014.14] RX on DATA from (1, 4294967294): 20 bytes: 0600000001000000284000000000000000000000
[10014.14] RX on DCI from (1, 4294967294): 20 bytes: 0600000001000000284000000000000000000000
[10014.20] RX on CNTL from (1, 4294967294): 20 bytes: 06000000010000001d4000000000000000000000
[10014.20] RX on DATA from (1, 4294967294): 20 bytes: 06000000010000001d4000000000000000000000
[10014.21] RX on DCI from (1, 4294967294): 20 bytes: 06000000010000001d4000000000000000000000
[10014.27] RX on CNTL from (1, 4294967294): 20 bytes: 06000000010000001d4000000000000000000000
[10014.27] RX on DATA from (1, 4294967294): 20 bytes: 06000000010000001d4000000000000000000000
[10014.27] RX on DCI from (1, 4294967294): 20 bytes: 06000000010000001d4000000000000000000000
[10014.33] RX on CNTL from (1, 4294967294): 20 bytes: 06000000010000002b4000000000000000000000
[10014.33] RX on DATA from (1, 4294967294): 20 bytes: 06000000010000002b4000000000000000000000
[10014.34] RX on DCI from (1, 4294967294): 20 bytes: 06000000010000002b4000000000000000000000
[10014.39] RX on CNTL from (1, 4294967294): 20 bytes: 0600000000000000190000000000000000000000
[10014.40] RX on DATA from (1, 4294967294): 20 bytes: 0600000000000000190000000000000000000000
[10014.40] RX on DCI from (1, 4294967294): 20 bytes: 0600000000000000190000000000000000000000
[10016.99] RX on CNTL from (1, 4294967294): 20 bytes: 0300000000000000000000000000000000000000
[10017.00] RX on DATA from (1, 4294967294): 20 bytes: 0300000000000000000000000000000000000000
[10017.00] RX on DCI from (1, 4294967294): 20 bytes: 0300000000000000000000000000000000000000
[10017.00] glink withdrawn: DATA1 DATA11 DATA2 DATA3 DATA4 DS IPCRTR LOOPBACK_CTL_MPSS SSM_RTR_MODEM_APPS apr_voice_svc glink_ssr rpmsg_ctrl
[10017.05] RX on CNTL from (1, 4294967294): 20 bytes: 0600000001000000284000000000000000000000
[10017.06] RX on DATA from (1, 4294967294): 20 bytes: 0600000001000000284000000000000000000000
[10017.06] RX on DCI from (1, 4294967294): 20 bytes: 0600000001000000284000000000000000000000
[10017.83] RX on CNTL from (1, 4294967294): 20 bytes: 0600000000000000090000000000000000000000
[10017.83] RX on DATA from (1, 4294967294): 20 bytes: 0600000000000000090000000000000000000000
[10017.84] RX on DCI from (1, 4294967294): 20 bytes: 0600000000000000090000000000000000000000
[10017.84] glink APPEARED: IPCRTR SSM_RTR_MODEM_APPS glink_ssr rpmsg_ctrl
[10017.89] RX on CNTL from (1, 4294967294): 20 bytes: 06000000000000000b0000000000000000000000
[10017.90] RX on DATA from (1, 4294967294): 20 bytes: 06000000000000000b0000000000000000000000
[10017.90] RX on DCI from (1, 4294967294): 20 bytes: 06000000000000000b0000000000000000000000
[10017.90] glink APPEARED: apr_voice_svc
[10017.96] RX on CNTL from (1, 4294967294): 20 bytes: 06000000000000000d0000000000000000000000
[10017.96] RX on DATA from (1, 4294967294): 20 bytes: 06000000000000000d0000000000000000000000
[10017.97] RX on DCI from (1, 4294967294): 20 bytes: 06000000000000000d0000000000000000000000
[10017.97] glink APPEARED: LOOPBACK_CTL_MPSS
[10018.02] RX on CNTL from (1, 4294967294): 20 bytes: 06000000000000000e0000000000000000000000
[10018.03] RX on DATA from (1, 4294967294): 20 bytes: 06000000000000000e0000000000000000000000
[10018.04] RX on DCI from (1, 4294967294): 20 bytes: 06000000000000000e0000000000000000000000
[10018.09] RX on CNTL from (1, 4294967294): 20 bytes: 06000000000000000f0000000000000000000000
[10018.09] RX on DATA from (1, 4294967294): 20 bytes: 06000000000000000f0000000000000000000000
[10018.10] RX on DCI from (1, 4294967294): 20 bytes: 06000000000000000f0000000000000000000000
[10018.15] RX on CNTL from (1, 4294967294): 20 bytes: 0600000000000000100000000000000000000000
[10018.16] RX on DATA from (1, 4294967294): 20 bytes: 0600000000000000100000000000000000000000
[10018.16] RX on DCI from (1, 4294967294): 20 bytes: 0600000000000000100000000000000000000000
[10018.21] RX on CNTL from (1, 4294967294): 20 bytes: 0600000001000000284000000000000000000000
[10018.22] RX on DATA from (1, 4294967294): 20 bytes: 0600000001000000284000000000000000000000
[10018.23] RX on DCI from (1, 4294967294): 20 bytes: 0600000001000000284000000000000000000000
[10018.28] RX on CNTL from (1, 4294967294): 20 bytes: 0600000000000000200000000000000000000000
[10018.28] RX on DATA from (1, 4294967294): 20 bytes: 0600000000000000200000000000000000000000
[10018.29] RX on DCI from (1, 4294967294): 20 bytes: 0600000000000000200000000000000000000000
[10018.34] RX on CNTL from (1, 4294967294): 20 bytes: 0600000000000000230000000000000000000000
[10018.35] RX on DATA from (1, 4294967294): 20 bytes: 0600000000000000230000000000000000000000
[10018.35] RX on DCI from (1, 4294967294): 20 bytes: 0600000000000000230000000000000000000000
[10018.41] RX on CNTL from (1, 4294967294): 20 bytes: 0600000001000000284000000000000000000000
[10018.41] RX on DATA from (1, 4294967294): 20 bytes: 0600000001000000284000000000000000000000
[10018.41] RX on DCI from (1, 4294967294): 20 bytes: 0600000001000000284000000000000000000000
[10018.46] RX on CNTL from (1, 4294967294): 20 bytes: 0600000000000000240000000000000000000000
[10018.47] RX on DATA from (1, 4294967294): 20 bytes: 0600000000000000240000000000000000000000
[10018.47] RX on DCI from (1, 4294967294): 20 bytes: 0600000000000000240000000000000000000000
[10018.53] RX on CNTL from (1, 4294967294): 20 bytes: 0600000001000000284000000000000000000000
[10018.53] RX on DATA from (1, 4294967294): 20 bytes: 0600000001000000284000000000000000000000
[10018.53] RX on DCI from (1, 4294967294): 20 bytes: 0600000001000000284000000000000000000000
[10018.59] RX on CNTL from (1, 4294967294): 20 bytes: 0600000000000000250000000000000000000000
[10018.59] RX on DATA from (1, 4294967294): 20 bytes: 0600000000000000250000000000000000000000
[10018.60] RX on DCI from (1, 4294967294): 20 bytes: 0600000000000000250000000000000000000000
[10018.65] RX on CNTL from (1, 4294967294): 20 bytes: 0600000001000000284000000000000000000000
[10018.65] RX on DATA from (1, 4294967294): 20 bytes: 0600000001000000284000000000000000000000
[10018.66] RX on DCI from (1, 4294967294): 20 bytes: 0600000001000000284000000000000000000000
[10018.71] RX on CNTL from (1, 4294967294): 20 bytes: 0600000000000000260000000000000000000000
[10018.72] RX on DATA from (1, 4294967294): 20 bytes: 0600000000000000260000000000000000000000
[10018.72] RX on DCI from (1, 4294967294): 20 bytes: 0600000000000000260000000000000000000000
[10018.78] RX on CNTL from (1, 4294967294): 20 bytes: 0600000001000000284000000000000000000000
[10018.78] RX on DATA from (1, 4294967294): 20 bytes: 0600000001000000284000000000000000000000
[10018.79] RX on DCI from (1, 4294967294): 20 bytes: 0600000001000000284000000000000000000000
[10018.84] RX on CNTL from (1, 4294967294): 20 bytes: 0600000000000000270000000000000000000000
[10018.84] RX on DATA from (1, 4294967294): 20 bytes: 0600000000000000270000000000000000000000
[10018.85] RX on DCI from (1, 4294967294): 20 bytes: 0600000000000000270000000000000000000000
[10018.90] RX on CNTL from (1, 4294967294): 20 bytes: 0600000001000000284000000000000000000000
[10018.91] RX on DATA from (1, 4294967294): 20 bytes: 0600000001000000284000000000000000000000
[10018.91] RX on DCI from (1, 4294967294): 20 bytes: 0600000001000000284000000000000000000000
[10018.96] RX on CNTL from (1, 4294967294): 20 bytes: 0600000000000000280000000000000000000000
[10018.97] RX on DATA from (1, 4294967294): 20 bytes: 0600000000000000280000000000000000000000
[10018.97] RX on DCI from (1, 4294967294): 20 bytes: 0600000000000000280000000000000000000000
[10019.02] RX on CNTL from (1, 4294967294): 20 bytes: 0600000001000000284000000000000000000000
[10019.03] RX on DATA from (1, 4294967294): 20 bytes: 0600000001000000284000000000000000000000
[10019.03] RX on DCI from (1, 4294967294): 20 bytes: 0600000001000000284000000000000000000000
[10019.04] glink APPEARED: DATA1 DATA11 DATA2 DATA3 DATA4 DS
[10019.09] RX on CNTL from (1, 4294967294): 20 bytes: 06000000000000002c0000000000000000000000
[10019.09] RX on DATA from (1, 4294967294): 20 bytes: 06000000000000002c0000000000000000000000
[10019.09] RX on DCI from (1, 4294967294): 20 bytes: 06000000000000002c0000000000000000000000
[10019.15] RX on CNTL from (1, 4294967294): 20 bytes: 0600000001000000284000000000000000000000
[10019.15] RX on DATA from (1, 4294967294): 20 bytes: 0600000001000000284000000000000000000000
[10019.15] RX on DCI from (1, 4294967294): 20 bytes: 0600000001000000284000000000000000000000
[10019.21] RX on CNTL from (1, 4294967294): 20 bytes: 06000000000000002d0000000000000000000000
[10019.21] RX on DATA from (1, 4294967294): 20 bytes: 06000000000000002d0000000000000000000000
[10019.21] RX on DCI from (1, 4294967294): 20 bytes: 06000000000000002d0000000000000000000000
[10019.27] RX on CNTL from (1, 4294967294): 20 bytes: 0600000001000000284000000000000000000000
[10019.27] RX on DATA from (1, 4294967294): 20 bytes: 0600000001000000284000000000000000000000
[10019.27] RX on DCI from (1, 4294967294): 20 bytes: 0600000001000000284000000000000000000000
[10019.33] RX on CNTL from (1, 4294967294): 20 bytes: 06000000000000002e0000000000000000000000
[10019.33] RX on DATA from (1, 4294967294): 20 bytes: 06000000000000002e0000000000000000000000
[10019.34] RX on DCI from (1, 4294967294): 20 bytes: 06000000000000002e0000000000000000000000
[10019.39] RX on CNTL from (1, 4294967294): 20 bytes: 0600000001000000284000000000000000000000
[10019.39] RX on DATA from (1, 4294967294): 20 bytes: 0600000001000000284000000000000000000000
[10019.40] RX on DCI from (1, 4294967294): 20 bytes: 0600000001000000284000000000000000000000
[10019.45] RX on CNTL from (1, 4294967294): 20 bytes: 06000000000000002f0000000000000000000000
[10019.46] RX on DATA from (1, 4294967294): 20 bytes: 06000000000000002f0000000000000000000000
[10019.46] RX on DCI from (1, 4294967294): 20 bytes: 06000000000000002f0000000000000000000000
[10019.51] RX on CNTL from (1, 4294967294): 20 bytes: 0600000001000000284000000000000000000000
[10019.52] RX on DATA from (1, 4294967294): 20 bytes: 0600000001000000284000000000000000000000
[10019.52] RX on DCI from (1, 4294967294): 20 bytes: 0600000001000000284000000000000000000000
[10019.58] RX on CNTL from (1, 4294967294): 20 bytes: 0600000000000000300000000000000000000000
[10019.58] RX on DATA from (1, 4294967294): 20 bytes: 0600000000000000300000000000000000000000
[10019.59] RX on DCI from (1, 4294967294): 20 bytes: 0600000000000000300000000000000000000000
[10019.64] RX on CNTL from (1, 4294967294): 20 bytes: 0600000001000000284000000000000000000000
[10019.64] RX on DATA from (1, 4294967294): 20 bytes: 0600000001000000284000000000000000000000
[10019.65] RX on DCI from (1, 4294967294): 20 bytes: 0600000001000000284000000000000000000000
[10019.70] RX on CNTL from (1, 4294967294): 20 bytes: 0600000001000000284000000000000000000000
[10019.71] RX on DATA from (1, 4294967294): 20 bytes: 0600000001000000284000000000000000000000
[10019.71] RX on DCI from (1, 4294967294): 20 bytes: 0600000001000000284000000000000000000000
[10019.76] RX on CNTL from (1, 4294967294): 20 bytes: 0600000000000000310000000000000000000000
[10019.77] RX on DATA from (1, 4294967294): 20 bytes: 0600000000000000310000000000000000000000
[10019.77] RX on DCI from (1, 4294967294): 20 bytes: 0600000000000000310000000000000000000000
[10019.82] RX on CNTL from (1, 4294967294): 20 bytes: 0600000000000000320000000000000000000000
[10019.83] RX on DATA from (1, 4294967294): 20 bytes: 0600000000000000320000000000000000000000
[10019.83] RX on DCI from (1, 4294967294): 20 bytes: 0600000000000000320000000000000000000000
[10019.89] RX on CNTL from (1, 4294967294): 20 bytes: 06000000010000002b4000000000000000000000
[10019.89] RX on DATA from (1, 4294967294): 20 bytes: 06000000010000002b4000000000000000000000
[10019.89] RX on DCI from (1, 4294967294): 20 bytes: 06000000010000002b4000000000000000000000
[10019.95] RX on CNTL from (1, 4294967294): 20 bytes: 0600000000000000330000000000000000000000
[10019.95] RX on DATA from (1, 4294967294): 20 bytes: 0600000000000000330000000000000000000000
[10019.96] RX on DCI from (1, 4294967294): 20 bytes: 0600000000000000330000000000000000000000
[10020.01] RX on CNTL from (1, 4294967294): 20 bytes: 0600000001000000284000000000000000000000
[10020.02] RX on DATA from (1, 4294967294): 20 bytes: 0600000001000000284000000000000000000000
[10020.02] RX on DCI from (1, 4294967294): 20 bytes: 0600000001000000284000000000000000000000
[10020.08] RX on CNTL from (1, 4294967294): 20 bytes: 0600000001000000284000000000000000000000
[10020.08] RX on DATA from (1, 4294967294): 20 bytes: 0600000001000000284000000000000000000000
[10020.08] RX on DCI from (1, 4294967294): 20 bytes: 0600000001000000284000000000000000000000
[10020.14] RX on CNTL from (1, 4294967294): 20 bytes: 0600000000000000360000000000000000000000
[10020.14] RX on DATA from (1, 4294967294): 20 bytes: 0600000000000000360000000000000000000000
[10020.15] RX on DCI from (1, 4294967294): 20 bytes: 0600000000000000360000000000000000000000
[10022.16] modem CMD service at node 0 port 26
[10022.17] sent DIAG request 00
[10022.17] DIAG RESPONSE from (0, 26): 58 bytes: 00536570203137203230323430383a31383a3432536570203133203230323431313a30303a30307374726169742e671009ff64003001a90f337e
[10022.17]    as text: .Sep 17 202408:18:42Sep 13 202411:00:00strait.g...d.0...3~
[10022.23] RX on CNTL from (1, 4294967294): 20 bytes: 0600000000000000390000000000000000000000
[10022.23] RX on DATA from (1, 4294967294): 20 bytes: 0600000000000000390000000000000000000000
[10022.24] RX on DCI from (1, 4294967294): 20 bytes: 0600000000000000390000000000000000000000
[10022.29] RX on CNTL from (1, 4294967294): 20 bytes: 0600000001000000284000000000000000000000
[10022.29] RX on DATA from (1, 4294967294): 20 bytes: 0600000001000000284000000000000000000000
[10022.30] RX on DCI from (1, 4294967294): 20 bytes: 0600000001000000284000000000000000000000
[10022.35] RX on CNTL from (1, 4294967294): 20 bytes: 06000000000000003a0000000000000000000000
[10022.35] RX on DATA from (1, 4294967294): 20 bytes: 06000000000000003a0000000000000000000000
[10022.36] RX on DCI from (1, 4294967294): 20 bytes: 06000000000000003a0000000000000000000000
[10022.41] RX on CNTL from (1, 4294967294): 20 bytes: 0600000001000000284000000000000000000000
[10022.41] RX on DATA from (1, 4294967294): 20 bytes: 0600000001000000284000000000000000000000
[10022.42] RX on DCI from (1, 4294967294): 20 bytes: 0600000001000000284000000000000000000000
[10022.47] RX on CNTL from (1, 4294967294): 20 bytes: 06000000000000003b0000000000000000000000
[10022.48] RX on DATA from (1, 4294967294): 20 bytes: 06000000000000003b0000000000000000000000
[10022.48] RX on DCI from (1, 4294967294): 20 bytes: 06000000000000003b0000000000000000000000
[10022.54] RX on CNTL from (1, 4294967294): 20 bytes: 0600000001000000284000000000000000000000
[10022.54] RX on DATA from (1, 4294967294): 20 bytes: 0600000001000000284000000000000000000000
[10022.54] RX on DCI from (1, 4294967294): 20 bytes: 0600000001000000284000000000000000000000
[10022.60] RX on CNTL from (1, 4294967294): 20 bytes: 06000000000000003d0000000000000000000000
[10022.60] RX on DATA from (1, 4294967294): 20 bytes: 06000000000000003d0000000000000000000000
[10022.61] RX on DCI from (1, 4294967294): 20 bytes: 06000000000000003d0000000000000000000000
[10022.66] RX on CNTL from (1, 4294967294): 20 bytes: 06000000010000002b4000000000000000000000
[10022.67] RX on DATA from (1, 4294967294): 20 bytes: 06000000010000002b4000000000000000000000
[10022.67] RX on DCI from (1, 4294967294): 20 bytes: 06000000010000002b4000000000000000000000
[10022.73] RX on CNTL from (1, 4294967294): 20 bytes: 06000000000000003c0000000000000000000000
[10022.73] RX on DATA from (1, 4294967294): 20 bytes: 06000000000000003c0000000000000000000000
[10022.74] RX on DCI from (1, 4294967294): 20 bytes: 06000000000000003c0000000000000000000000
[10022.79] RX on CNTL from (1, 4294967294): 20 bytes: 0600000001000000284000000000000000000000
[10022.80] RX on DATA from (1, 4294967294): 20 bytes: 0600000001000000284000000000000000000000
[10022.80] RX on DCI from (1, 4294967294): 20 bytes: 0600000001000000284000000000000000000000
[10022.86] RX on CNTL from (1, 4294967294): 20 bytes: 0600000001000000284000000000000000000000
[10022.86] RX on DATA from (1, 4294967294): 20 bytes: 0600000001000000284000000000000000000000
[10022.87] RX on DCI from (1, 4294967294): 20 bytes: 0600000001000000284000000000000000000000
[10022.92] RX on CNTL from (1, 4294967294): 20 bytes: 06000000000000003e0000000000000000000000
[10022.93] RX on DATA from (1, 4294967294): 20 bytes: 06000000000000003e0000000000000000000000
[10022.93] RX on DCI from (1, 4294967294): 20 bytes: 06000000000000003e0000000000000000000000
[10022.99] RX on CNTL from (1, 4294967294): 20 bytes: 0600000000000000410000000000000000000000
[10022.99] RX on DATA from (1, 4294967294): 20 bytes: 0600000000000000410000000000000000000000
[10023.00] RX on DCI from (1, 4294967294): 20 bytes: 0600000000000000410000000000000000000000
[10023.05] RX on CNTL from (1, 4294967294): 20 bytes: 06000000010000002b4000000000000000000000
[10023.05] RX on DATA from (1, 4294967294): 20 bytes: 06000000010000002b4000000000000000000000
[10023.06] RX on DCI from (1, 4294967294): 20 bytes: 06000000010000002b4000000000000000000000
[10023.11] RX on CNTL from (1, 4294967294): 20 bytes: 0600000000000000420000000000000000000000
[10023.12] RX on DATA from (1, 4294967294): 20 bytes: 0600000000000000420000000000000000000000
[10023.12] RX on DCI from (1, 4294967294): 20 bytes: 0600000000000000420000000000000000000000
[10023.17] RX on CNTL from (1, 4294967294): 20 bytes: 06000000010000002b4000000000000000000000
[10023.18] RX on DATA from (1, 4294967294): 20 bytes: 06000000010000002b4000000000000000000000
[10023.18] RX on DCI from (1, 4294967294): 20 bytes: 06000000010000002b4000000000000000000000
[10023.23] RX on CNTL from (1, 4294967294): 20 bytes: 06000000000000003f0000000000000000000000
[10023.24] RX on DATA from (1, 4294967294): 20 bytes: 06000000000000003f0000000000000000000000
[10023.24] RX on DCI from (1, 4294967294): 20 bytes: 06000000000000003f0000000000000000000000
[10023.30] RX on CNTL from (1, 4294967294): 20 bytes: 0600000001000000284000000000000000000000
[10023.30] RX on DATA from (1, 4294967294): 20 bytes: 0600000001000000284000000000000000000000
[10023.31] RX on DCI from (1, 4294967294): 20 bytes: 0600000001000000284000000000000000000000
[10023.37] RX on CNTL from (1, 4294967294): 20 bytes: 0600000001000000284000000000000000000000
[10023.37] RX on DATA from (1, 4294967294): 20 bytes: 0600000001000000284000000000000000000000
[10023.37] RX on DCI from (1, 4294967294): 20 bytes: 0600000001000000284000000000000000000000
[10023.43] RX on CNTL from (1, 4294967294): 20 bytes: 06000000000000005c0000000000000000000000
[10023.44] RX on DATA from (1, 4294967294): 20 bytes: 06000000000000005c0000000000000000000000
[10023.45] RX on DCI from (1, 4294967294): 20 bytes: 06000000000000005c0000000000000000000000
[10023.51] RX on CNTL from (1, 4294967294): 20 bytes: 06000000000000005e0000000000000000000000
[10023.52] RX on DATA from (1, 4294967294): 20 bytes: 06000000000000005e0000000000000000000000
[10023.52] RX on DCI from (1, 4294967294): 20 bytes: 06000000000000005e0000000000000000000000
[10023.58] RX on CNTL from (1, 4294967294): 20 bytes: 0600000001000000284000000000000000000000
[10023.58] RX on DATA from (1, 4294967294): 20 bytes: 0600000001000000284000000000000000000000
[10023.58] RX on DCI from (1, 4294967294): 20 bytes: 0600000001000000284000000000000000000000
[10023.64] RX on CNTL from (1, 4294967294): 20 bytes: 0600000000000000700000000000000000000000
[10023.64] RX on DATA from (1, 4294967294): 20 bytes: 0600000000000000700000000000000000000000
[10023.65] RX on DCI from (1, 4294967294): 20 bytes: 0600000000000000700000000000000000000000
[10023.70] RX on CNTL from (1, 4294967294): 20 bytes: 0600000001000000284000000000000000000000
[10023.70] RX on DATA from (1, 4294967294): 20 bytes: 0600000001000000284000000000000000000000
[10023.71] RX on DCI from (1, 4294967294): 20 bytes: 0600000001000000284000000000000000000000
[10023.76] RX on CNTL from (1, 4294967294): 20 bytes: 0600000001000000284000000000000000000000
[10023.77] RX on DATA from (1, 4294967294): 20 bytes: 0600000001000000284000000000000000000000
[10023.77] RX on DCI from (1, 4294967294): 20 bytes: 0600000001000000284000000000000000000000
[10023.83] RX on CNTL from (1, 4294967294): 20 bytes: 06000000000000007a0000000000000000000000
[10023.83] RX on DATA from (1, 4294967294): 20 bytes: 06000000000000007a0000000000000000000000
[10023.83] RX on DCI from (1, 4294967294): 20 bytes: 06000000000000007a0000000000000000000000
[10023.89] RX on CNTL from (1, 4294967294): 20 bytes: 06000000000000007c0000000000000000000000
[10023.89] RX on DATA from (1, 4294967294): 20 bytes: 06000000000000007c0000000000000000000000
[10023.90] RX on DCI from (1, 4294967294): 20 bytes: 06000000000000007c0000000000000000000000
[10023.95] RX on CNTL from (1, 4294967294): 20 bytes: 06000000010000002b4000000000000000000000
[10023.96] RX on DATA from (1, 4294967294): 20 bytes: 06000000010000002b4000000000000000000000
[10023.96] RX on DCI from (1, 4294967294): 20 bytes: 06000000010000002b4000000000000000000000
[10028.04] RX on CNTL from (1, 4294967294): 20 bytes: 0600000000000000810000000000000000000000
[10028.04] RX on DATA from (1, 4294967294): 20 bytes: 0600000000000000810000000000000000000000
[10028.05] RX on DCI from (1, 4294967294): 20 bytes: 0600000000000000810000000000000000000000
[10028.10] RX on CNTL from (1, 4294967294): 20 bytes: 06000000010000002d4000000000000000000000
[10028.10] RX on DATA from (1, 4294967294): 20 bytes: 06000000010000002d4000000000000000000000
[10028.11] RX on DCI from (1, 4294967294): 20 bytes: 06000000010000002d4000000000000000000000
[10028.16] RX on CNTL from (1, 4294967294): 20 bytes: 06000000010000002d4000000000000000000000
[10028.17] RX on DATA from (1, 4294967294): 20 bytes: 06000000010000002d4000000000000000000000
[10028.17] RX on DCI from (1, 4294967294): 20 bytes: 06000000010000002d4000000000000000000000
[10028.22] RX on CNTL from (1, 4294967294): 20 bytes: 0600000000000000820000000000000000000000
[10028.23] RX on DATA from (1, 4294967294): 20 bytes: 0600000000000000820000000000000000000000
[10028.23] RX on DCI from (1, 4294967294): 20 bytes: 0600000000000000820000000000000000000000
[10028.28] RX on CNTL from (1, 4294967294): 20 bytes: 0600000000000000830000000000000000000000
[10028.29] RX on DATA from (1, 4294967294): 20 bytes: 0600000000000000830000000000000000000000
[10028.29] RX on DCI from (1, 4294967294): 20 bytes: 0600000000000000830000000000000000000000
[10028.35] RX on CNTL from (1, 4294967294): 20 bytes: 06000000010000002d4000000000000000000000
[10028.35] RX on DATA from (1, 4294967294): 20 bytes: 06000000010000002d4000000000000000000000
[10028.35] RX on DCI from (1, 4294967294): 20 bytes: 06000000010000002d4000000000000000000000
[10028.41] RX on CNTL from (1, 4294967294): 20 bytes: 0600000000000000840000000000000000000000
[10028.41] RX on DATA from (1, 4294967294): 20 bytes: 0600000000000000840000000000000000000000
[10028.41] RX on DCI from (1, 4294967294): 20 bytes: 0600000000000000840000000000000000000000
[10028.47] RX on CNTL from (1, 4294967294): 20 bytes: 06000000010000002e4000000000000000000000
[10028.47] RX on DATA from (1, 4294967294): 20 bytes: 06000000010000002e4000000000000000000000
[10028.47] RX on DCI from (1, 4294967294): 20 bytes: 06000000010000002e4000000000000000000000
[10028.53] RX on CNTL from (1, 4294967294): 20 bytes: 0600000000000000850000000000000000000000
[10028.54] RX on DATA from (1, 4294967294): 20 bytes: 0600000000000000850000000000000000000000
[10028.54] RX on DCI from (1, 4294967294): 20 bytes: 0600000000000000850000000000000000000000
[10028.60] RX on CNTL from (1, 4294967294): 20 bytes: 0600000000000000860000000000000000000000
[10028.60] RX on DATA from (1, 4294967294): 20 bytes: 0600000000000000860000000000000000000000
[10028.61] RX on DCI from (1, 4294967294): 20 bytes: 0600000000000000860000000000000000000000
[10028.66] RX on CNTL from (1, 4294967294): 20 bytes: 06000000010000002e4000000000000000000000
[10028.66] RX on DATA from (1, 4294967294): 20 bytes: 06000000010000002e4000000000000000000000
[10028.67] RX on DCI from (1, 4294967294): 20 bytes: 06000000010000002e4000000000000000000000
[10028.72] RX on CNTL from (1, 4294967294): 20 bytes: 0600000000000000870000000000000000000000
[10028.73] RX on DATA from (1, 4294967294): 20 bytes: 0600000000000000870000000000000000000000
[10028.73] RX on DCI from (1, 4294967294): 20 bytes: 0600000000000000870000000000000000000000
[10028.79] RX on CNTL from (1, 4294967294): 20 bytes: 06000000010000002e4000000000000000000000
[10028.79] RX on DATA from (1, 4294967294): 20 bytes: 06000000010000002e4000000000000000000000
[10028.79] RX on DCI from (1, 4294967294): 20 bytes: 06000000010000002e4000000000000000000000
[10044.14] done. 258 packets received on the diag services.
[10044.15] DIAG glink channels now: none
