[10179.42] publishing the diag services the AP normally provides
[10179.43] published service 0x1001 instance 0 (CNTL) on node 1 port 0
[10179.43] published service 0x1001 instance 2 (DATA) on node 1 port 0
[10179.43] published service 0x1001 instance 4 (DCI) on node 1 port 0
[10179.44] glink channels before: DATA1 DATA11 DATA2 DATA3 DATA4 DS IPCRTR LOOPBACK_CTL_MPSS SSM_RTR_MODEM_APPS apr_voice_svc glink_ssr rpmsg_ctrl
[10179.44] kick: CNTL-channel handshake, no restart (preserve live RF state)
[10179.45]   kick: modem DIAG service inst 1 at node 0 port 26
[10179.45]   kick: modem DIAG service inst 3 at node 0 port 41
[10181.46]   kick: using modem CNTL peer node 0 port 40
[10181.67]   kick: sent feature mask   on CNTL -> (0, 40): 08000000080000000400000015ea1000
[10181.79]   kick: sent diagid         on CNTL -> (0, 40): 210000001a00000001000000020000006d736d2f6d6f64656d2f726f6f745f706400
[10181.90]   kick: sent tx mode (0x11) on CNTL -> (0, 40): 1100000006000000010000000101
[10182.01] RX on CNTL from (1, 4294967294): 20 bytes: 0600000001000000214000000000000000000000
[10182.01] RX on DATA from (1, 4294967294): 20 bytes: 0600000001000000214000000000000000000000
[10182.02] RX on DCI from (1, 4294967294): 20 bytes: 0600000001000000214000000000000000000000
[10183.03] RX on CNTL from (1, 4294967294): 20 bytes: 06000000010000002c4000000000000000000000
[10183.03] RX on DATA from (1, 4294967294): 20 bytes: 06000000010000002c4000000000000000000000
[10183.03] RX on DCI from (1, 4294967294): 20 bytes: 06000000010000002c4000000000000000000000
[10183.08] RX on CNTL from (1, 4294967294): 20 bytes: 0600000001000000284000000000000000000000
[10183.08] RX on DATA from (1, 4294967294): 20 bytes: 0600000001000000284000000000000000000000
[10183.09] RX on DCI from (1, 4294967294): 20 bytes: 0600000001000000284000000000000000000000
[10183.14] RX on CNTL from (1, 4294967294): 20 bytes: 0600000001000000214000000000000000000000
[10183.15] RX on DATA from (1, 4294967294): 20 bytes: 0600000001000000214000000000000000000000
[10183.15] RX on DCI from (1, 4294967294): 20 bytes: 0600000001000000214000000000000000000000
[10192.04] modem CMD service at node 0 port 26
[10192.05] RAW request: 4b0b27000d000300010004000000000002000400010000000300040000000000
[10192.05]   DATA REPLY 1: 20 B  0600000001000000284000000000000000000000
[10192.05]      txt: ........(@..........
[10192.06]   DATA REPLY 2: 20 B  0600000001000000284000000000000000000000
[10192.07]      txt: ........(@..........
[10192.07]   DATA REPLY 3: 20 B  0600000001000000284000000000000000000000
[10192.07]      txt: ........(@..........
[10207.20] RAW done
[10207.26] RX on CNTL from (1, 4294967294): 20 bytes: 0600000001000000284000000000000000000000
[10207.26] RX on DATA from (1, 4294967294): 20 bytes: 0600000001000000284000000000000000000000
[10207.27] RX on DCI from (1, 4294967294): 20 bytes: 0600000001000000284000000000000000000000
[10227.03] done. 3 packets received on the diag services.
[10227.05] DIAG glink channels now: none
