[11184.53] publishing the diag services the AP normally provides
[11184.53] published service 0x1001 instance 0 (CNTL) on node 1 port 0
[11184.53] published service 0x1001 instance 2 (DATA) on node 1 port 0
[11184.53] published service 0x1001 instance 4 (DCI) on node 1 port 0
[11184.53] glink channels before: DATA1 DATA11 DATA2 DATA3 DATA4 DS IPCRTR LOOPBACK_CTL_MPSS SSM_RTR_MODEM_APPS apr_voice_svc glink_ssr rpmsg_ctrl
[11184.54] kick: CNTL-channel handshake, no restart (preserve live RF state)
[11184.54]   kick: modem DIAG service inst 1 at node 0 port 26
[11184.54]   kick: modem DIAG service inst 3 at node 0 port 41
[11186.56]   kick: using modem CNTL peer node 0 port 25 (from CMD inst1 (0, 26))
[11186.77]   kick: sent feature mask   on CNTL -> (0, 25): 08000000080000000400000015ea1000
[11186.88]   kick: sent diagid         on CNTL -> (0, 25): 210000001a00000001000000020000006d736d2f6d6f64656d2f726f6f745f706400
[11186.98]   kick: sent tx mode (0x11) on CNTL -> (0, 25): 1100000006000000010000000101
[11187.09] RX on CNTL from (1, 4294967294): 20 bytes: 0600000001000000254000000000000000000000
[11187.10] RX on DATA from (1, 4294967294): 20 bytes: 0600000001000000254000000000000000000000
[11187.11] RX on DCI from (1, 4294967294): 20 bytes: 0600000001000000254000000000000000000000
[11197.16] modem CMD service at node 0 port 26
[11197.17] RAW request: 4b0b27000d000300010004000000000002000400010000000300040000000000
[11197.17]   published NEW_SERVER (inst 1/CMD) from node 1 port 0 -> now the COMMAND peer
[11197.68]   DATA REPLY 1: 20 B  0600000001000000254000000000000000000000
[11197.69]      txt: ........%@..........
[11197.69]   DATA REPLY 2: 20 B  0600000001000000254000000000000000000000
[11197.70]      txt: ........%@..........
[11197.71]   DATA REPLY 3: 20 B  0600000001000000254000000000000000000000
[11197.71]      txt: ........%@..........
[11212.83] RAW done
[11212.89] RX on CNTL from (1, 4294967294): 20 bytes: 0600000001000000254000000000000000000000
[11212.90] RX on DATA from (1, 4294967294): 20 bytes: 0600000001000000254000000000000000000000
[11212.91] RX on DCI from (1, 4294967294): 20 bytes: 0600000001000000254000000000000000000000
[11237.12] done. 3 packets received on the diag services.
[11237.13] DIAG glink channels now: none
