[10884.36] publishing the diag services the AP normally provides
[10884.38] published service 0x1001 instance 0 (CNTL) on node 1 port 0
[10884.38] published service 0x1001 instance 2 (DATA) on node 1 port 0
[10884.38] published service 0x1001 instance 4 (DCI) on node 1 port 0
[10884.39] glink channels before: DATA1 DATA11 DATA2 DATA3 DATA4 DS IPCRTR LOOPBACK_CTL_MPSS SSM_RTR_MODEM_APPS apr_voice_svc glink_ssr rpmsg_ctrl
[10884.39] kick: CNTL-channel handshake, no restart (preserve live RF state)
[10884.39]   kick: modem DIAG service inst 1 at node 0 port 26
[10884.40]   kick: modem DIAG service inst 3 at node 0 port 41
[10886.42]   kick: using modem CNTL peer node 0 port 40
[10886.63]   kick: sent feature mask   on CNTL -> (0, 40): 08000000080000000400000015ea1000
[10886.75]   kick: sent diagid         on CNTL -> (0, 40): 210000001a00000001000000020000006d736d2f6d6f64656d2f726f6f745f706400
[11005.33]   kick: could not send tx mode (0x11): [Errno 32] Broken pipe
[11005.33] RX on CNTL from (1, 4294967294): 20 bytes: 0600000001000000254000000000000000000000
[11005.34] RX on DATA from (1, 4294967294): 20 bytes: 0600000001000000254000000000000000000000
[11005.34] RX on DCI from (1, 4294967294): 20 bytes: 0600000001000000254000000000000000000000
[11005.34] glink withdrawn: DATA1 DATA11 DATA2 DATA3 DATA4 DS IPCRTR LOOPBACK_CTL_MPSS SSM_RTR_MODEM_APPS apr_voice_svc glink_ssr rpmsg_ctrl
[11005.39] RX on CNTL from (1, 4294967294): 20 bytes: 06000000010000001d4000000000000000000000
[11005.40] RX on DATA from (1, 4294967294): 20 bytes: 06000000010000001d4000000000000000000000
[11005.40] RX on DCI from (1, 4294967294): 20 bytes: 06000000010000001d4000000000000000000000
[11005.45] RX on CNTL from (1, 4294967294): 20 bytes: 06000000010000001d4000000000000000000000
[11005.45] RX on DATA from (1, 4294967294): 20 bytes: 06000000010000001d4000000000000000000000
[11005.46] RX on DCI from (1, 4294967294): 20 bytes: 06000000010000001d4000000000000000000000
[11005.51] RX on CNTL from (1, 4294967294): 20 bytes: 06000000010000002a4000000000000000000000
[11005.51] RX on DATA from (1, 4294967294): 20 bytes: 06000000010000002a4000000000000000000000
[11005.52] RX on DCI from (1, 4294967294): 20 bytes: 06000000010000002a4000000000000000000000
[11005.57] RX on CNTL from (1, 4294967294): 20 bytes: 0300000000000000000000000000000000000000
[11005.57] RX on DATA from (1, 4294967294): 20 bytes: 0300000000000000000000000000000000000000
[11005.58] RX on DCI from (0, 26): 63 bytes: 4b0b27000d00030001000000000006010000010902000100070300010108040002000205000201050600030003070003010408000400010900040100aa8e7e
[11005.63] RX on CNTL from (1, 4294967294): 20 bytes: 0600000001000000254000000000000000000000
[11005.64] RX on DATA from (1, 4294967294): 20 bytes: 0600000001000000254000000000000000000000
[11005.64] RX on DCI from (1, 4294967294): 20 bytes: 0300000000000000000000000000000000000000
[11005.70] RX on DCI from (1, 4294967294): 20 bytes: 0600000001000000254000000000000000000000
[11006.11] RX on CNTL from (1, 4294967294): 20 bytes: 0600000000000000090000000000000000000000
[11006.12] RX on DATA from (1, 4294967294): 20 bytes: 0600000000000000090000000000000000000000
[11006.12] RX on DCI from (1, 4294967294): 20 bytes: 0600000000000000090000000000000000000000
[11006.12] glink APPEARED: IPCRTR SSM_RTR_MODEM_APPS glink_ssr rpmsg_ctrl
[11006.17] RX on CNTL from (1, 4294967294): 20 bytes: 06000000000000000b0000000000000000000000
[11006.18] RX on DATA from (1, 4294967294): 20 bytes: 06000000000000000b0000000000000000000000
[11006.19] RX on DCI from (1, 4294967294): 20 bytes: 06000000000000000b0000000000000000000000
[11006.19] glink APPEARED: LOOPBACK_CTL_MPSS apr_voice_svc
[11006.24] RX on CNTL from (1, 4294967294): 20 bytes: 06000000000000000d0000000000000000000000
[11006.25] RX on DATA from (1, 4294967294): 20 bytes: 06000000000000000d0000000000000000000000
[11006.26] RX on DCI from (1, 4294967294): 20 bytes: 06000000000000000d0000000000000000000000
[11006.32] RX on CNTL from (1, 4294967294): 20 bytes: 06000000000000000e0000000000000000000000
[11006.32] RX on DATA from (1, 4294967294): 20 bytes: 06000000000000000e0000000000000000000000
[11006.33] RX on DCI from (1, 4294967294): 20 bytes: 06000000000000000e0000000000000000000000
[11006.38] RX on CNTL from (1, 4294967294): 20 bytes: 06000000000000000f0000000000000000000000
[11006.39] RX on DATA from (1, 4294967294): 20 bytes: 06000000000000000f0000000000000000000000
[11006.39] RX on DCI from (1, 4294967294): 20 bytes: 06000000000000000f0000000000000000000000
[11006.45] RX on CNTL from (1, 4294967294): 20 bytes: 0600000000000000100000000000000000000000
[11006.45] RX on DATA from (1, 4294967294): 20 bytes: 0600000000000000100000000000000000000000
[11006.46] RX on DCI from (1, 4294967294): 20 bytes: 0600000000000000100000000000000000000000
[11006.51] RX on CNTL from (1, 4294967294): 20 bytes: 0600000001000000254000000000000000000000
[11006.52] RX on DATA from (1, 4294967294): 20 bytes: 0600000001000000254000000000000000000000
[11006.52] RX on DCI from (1, 4294967294): 20 bytes: 0600000001000000254000000000000000000000
[11006.58] RX on CNTL from (1, 4294967294): 20 bytes: 0600000000000000200000000000000000000000
[11006.58] RX on DATA from (1, 4294967294): 20 bytes: 0600000000000000200000000000000000000000
[11006.58] RX on DCI from (1, 4294967294): 20 bytes: 0600000000000000200000000000000000000000
[11006.64] RX on CNTL from (1, 4294967294): 20 bytes: 0600000000000000230000000000000000000000
[11006.64] RX on DATA from (1, 4294967294): 20 bytes: 0600000000000000230000000000000000000000
[11006.64] RX on DCI from (1, 4294967294): 20 bytes: 0600000000000000230000000000000000000000
[11006.69] RX on CNTL from (1, 4294967294): 20 bytes: 0600000001000000254000000000000000000000
[11006.70] RX on DATA from (1, 4294967294): 20 bytes: 0600000001000000254000000000000000000000
[11006.70] RX on DCI from (1, 4294967294): 20 bytes: 0600000001000000254000000000000000000000
[11006.76] RX on CNTL from (1, 4294967294): 20 bytes: 0600000000000000240000000000000000000000
[11006.76] RX on DATA from (1, 4294967294): 20 bytes: 0600000000000000240000000000000000000000
[11006.77] RX on DCI from (1, 4294967294): 20 bytes: 0600000000000000240000000000000000000000
[11006.82] RX on CNTL from (1, 4294967294): 20 bytes: 0600000001000000254000000000000000000000
[11006.82] RX on DATA from (1, 4294967294): 20 bytes: 0600000001000000254000000000000000000000
[11006.83] RX on DCI from (1, 4294967294): 20 bytes: 0600000001000000254000000000000000000000
[11006.88] RX on CNTL from (1, 4294967294): 20 bytes: 0600000000000000250000000000000000000000
[11006.89] RX on DATA from (1, 4294967294): 20 bytes: 0600000000000000250000000000000000000000
[11006.90] RX on DCI from (1, 4294967294): 20 bytes: 0600000000000000250000000000000000000000
[11006.95] RX on CNTL from (1, 4294967294): 20 bytes: 0600000001000000254000000000000000000000
[11006.95] RX on DATA from (1, 4294967294): 20 bytes: 0600000001000000254000000000000000000000
[11006.96] RX on DCI from (1, 4294967294): 20 bytes: 0600000001000000254000000000000000000000
[11007.01] RX on CNTL from (1, 4294967294): 20 bytes: 0600000000000000260000000000000000000000
[11007.01] RX on DATA from (1, 4294967294): 20 bytes: 0600000000000000260000000000000000000000
[11007.02] RX on DCI from (1, 4294967294): 20 bytes: 0600000000000000260000000000000000000000
[11007.07] RX on CNTL from (1, 4294967294): 20 bytes: 0600000001000000254000000000000000000000
[11007.08] RX on DATA from (1, 4294967294): 20 bytes: 0600000001000000254000000000000000000000
[11007.08] RX on DCI from (1, 4294967294): 20 bytes: 0600000001000000254000000000000000000000
[11007.13] RX on CNTL from (1, 4294967294): 20 bytes: 0600000000000000270000000000000000000000
[11007.14] RX on DATA from (1, 4294967294): 20 bytes: 0600000000000000270000000000000000000000
[11007.14] RX on DCI from (1, 4294967294): 20 bytes: 0600000000000000270000000000000000000000
[11007.19] RX on CNTL from (1, 4294967294): 20 bytes: 0600000001000000254000000000000000000000
[11007.19] RX on DATA from (1, 4294967294): 20 bytes: 0600000001000000254000000000000000000000
[11007.20] RX on DCI from (1, 4294967294): 20 bytes: 0600000001000000254000000000000000000000
[11007.25] RX on CNTL from (1, 4294967294): 20 bytes: 0600000000000000280000000000000000000000
[11007.26] RX on DATA from (1, 4294967294): 20 bytes: 0600000000000000280000000000000000000000
[11007.26] RX on DCI from (1, 4294967294): 20 bytes: 0600000000000000280000000000000000000000
[11007.31] RX on CNTL from (1, 4294967294): 20 bytes: 0600000001000000254000000000000000000000
[11007.32] RX on DATA from (1, 4294967294): 20 bytes: 0600000001000000254000000000000000000000
[11007.32] RX on DCI from (1, 4294967294): 20 bytes: 0600000001000000254000000000000000000000
[11007.37] RX on CNTL from (1, 4294967294): 20 bytes: 0600000001000000254000000000000000000000
[11007.38] RX on DATA from (1, 4294967294): 20 bytes: 0600000001000000254000000000000000000000
[11007.38] RX on DCI from (1, 4294967294): 20 bytes: 0600000001000000254000000000000000000000
[11007.38] glink APPEARED: DATA1 DATA11 DATA2 DATA3 DATA4 DS
[11007.44] RX on CNTL from (1, 4294967294): 20 bytes: 06000000000000002c0000000000000000000000
[11007.44] RX on DATA from (1, 4294967294): 20 bytes: 06000000000000002c0000000000000000000000
[11007.44] RX on DCI from (1, 4294967294): 20 bytes: 06000000000000002c0000000000000000000000
[11007.50] RX on CNTL from (1, 4294967294): 20 bytes: 0600000001000000254000000000000000000000
[11007.50] RX on DATA from (1, 4294967294): 20 bytes: 0600000001000000254000000000000000000000
[11007.50] RX on DCI from (1, 4294967294): 20 bytes: 0600000001000000254000000000000000000000
[11007.56] RX on CNTL from (1, 4294967294): 20 bytes: 06000000000000002d0000000000000000000000
[11007.56] RX on DATA from (1, 4294967294): 20 bytes: 06000000000000002d0000000000000000000000
[11007.57] RX on DCI from (1, 4294967294): 20 bytes: 06000000000000002d0000000000000000000000
[11007.62] RX on CNTL from (1, 4294967294): 20 bytes: 06000000000000002e0000000000000000000000
[11007.63] RX on DATA from (1, 4294967294): 20 bytes: 06000000000000002e0000000000000000000000
[11007.63] RX on DCI from (1, 4294967294): 20 bytes: 06000000000000002e0000000000000000000000
[11007.68] RX on CNTL from (1, 4294967294): 20 bytes: 0600000001000000254000000000000000000000
[11007.69] RX on DATA from (1, 4294967294): 20 bytes: 0600000001000000254000000000000000000000
[11007.69] RX on DCI from (1, 4294967294): 20 bytes: 0600000001000000254000000000000000000000
[11007.75] RX on CNTL from (1, 4294967294): 20 bytes: 06000000000000002f0000000000000000000000
[11007.75] RX on DATA from (1, 4294967294): 20 bytes: 06000000000000002f0000000000000000000000
[11007.76] RX on DCI from (1, 4294967294): 20 bytes: 06000000000000002f0000000000000000000000
[11007.81] RX on CNTL from (1, 4294967294): 20 bytes: 0600000001000000254000000000000000000000
[11007.82] RX on DATA from (1, 4294967294): 20 bytes: 0600000001000000254000000000000000000000
[11007.82] RX on DCI from (1, 4294967294): 20 bytes: 0600000001000000254000000000000000000000
[11007.88] RX on CNTL from (1, 4294967294): 20 bytes: 0600000000000000300000000000000000000000
[11007.88] RX on DATA from (1, 4294967294): 20 bytes: 0600000000000000300000000000000000000000
[11007.89] RX on DCI from (1, 4294967294): 20 bytes: 0600000000000000300000000000000000000000
[11007.94] RX on CNTL from (1, 4294967294): 20 bytes: 0600000001000000254000000000000000000000
[11007.94] RX on DATA from (1, 4294967294): 20 bytes: 0600000001000000254000000000000000000000
[11007.95] RX on DCI from (1, 4294967294): 20 bytes: 0600000001000000254000000000000000000000
[11008.00] RX on CNTL from (1, 4294967294): 20 bytes: 0600000001000000254000000000000000000000
[11008.01] RX on DATA from (1, 4294967294): 20 bytes: 0600000001000000254000000000000000000000
[11008.01] RX on DCI from (1, 4294967294): 20 bytes: 0600000001000000254000000000000000000000
[11008.06] RX on CNTL from (1, 4294967294): 20 bytes: 0600000000000000310000000000000000000000
[11008.07] RX on DATA from (1, 4294967294): 20 bytes: 0600000000000000310000000000000000000000
[11008.07] RX on DCI from (1, 4294967294): 20 bytes: 0600000000000000310000000000000000000000
[11008.13] RX on CNTL from (1, 4294967294): 20 bytes: 0600000000000000320000000000000000000000
[11008.14] RX on DATA from (1, 4294967294): 20 bytes: 0600000000000000320000000000000000000000
[11008.14] RX on DCI from (1, 4294967294): 20 bytes: 0600000000000000320000000000000000000000
[11008.19] RX on CNTL from (1, 4294967294): 20 bytes: 06000000010000002a4000000000000000000000
[11008.20] RX on DATA from (1, 4294967294): 20 bytes: 06000000010000002a4000000000000000000000
[11008.20] RX on DCI from (1, 4294967294): 20 bytes: 06000000010000002a4000000000000000000000
[11008.26] RX on CNTL from (1, 4294967294): 20 bytes: 0600000000000000350000000000000000000000
[11008.26] RX on DATA from (1, 4294967294): 20 bytes: 0600000000000000350000000000000000000000
[11008.26] RX on DCI from (1, 4294967294): 20 bytes: 0600000000000000350000000000000000000000
[11008.32] RX on CNTL from (1, 4294967294): 20 bytes: 0600000001000000254000000000000000000000
[11008.32] RX on DATA from (1, 4294967294): 20 bytes: 0600000001000000254000000000000000000000
[11008.33] RX on DCI from (1, 4294967294): 20 bytes: 0600000001000000254000000000000000000000
[11008.38] RX on CNTL from (1, 4294967294): 20 bytes: 0600000001000000254000000000000000000000
[11008.39] RX on DATA from (1, 4294967294): 20 bytes: 0600000001000000254000000000000000000000
[11008.39] RX on DCI from (1, 4294967294): 20 bytes: 0600000001000000254000000000000000000000
[11008.44] RX on CNTL from (1, 4294967294): 20 bytes: 0600000000000000360000000000000000000000
[11008.45] RX on DATA from (1, 4294967294): 20 bytes: 0600000000000000360000000000000000000000
[11008.46] RX on DCI from (1, 4294967294): 20 bytes: 0600000000000000360000000000000000000000
[11008.51] RX on CNTL from (1, 4294967294): 20 bytes: 0600000000000000390000000000000000000000
[11008.52] RX on DATA from (1, 4294967294): 20 bytes: 0600000000000000390000000000000000000000
[11008.52] RX on DCI from (1, 4294967294): 20 bytes: 0600000000000000390000000000000000000000
[11008.58] RX on CNTL from (1, 4294967294): 20 bytes: 0600000001000000254000000000000000000000
[11008.58] RX on DATA from (1, 4294967294): 20 bytes: 0600000001000000254000000000000000000000
[11008.59] RX on DCI from (1, 4294967294): 20 bytes: 0600000001000000254000000000000000000000
[11008.64] RX on CNTL from (1, 4294967294): 20 bytes: 06000000000000003a0000000000000000000000
[11008.65] RX on DATA from (1, 4294967294): 20 bytes: 06000000000000003a0000000000000000000000
[11008.65] RX on DCI from (1, 4294967294): 20 bytes: 06000000000000003a0000000000000000000000
[11008.71] RX on CNTL from (1, 4294967294): 20 bytes: 0600000001000000254000000000000000000000
[11008.71] RX on DATA from (1, 4294967294): 20 bytes: 0600000001000000254000000000000000000000
[11008.72] RX on DCI from (1, 4294967294): 20 bytes: 0600000001000000254000000000000000000000
[11008.77] RX on CNTL from (1, 4294967294): 20 bytes: 06000000000000003b0000000000000000000000
[11008.78] RX on DATA from (1, 4294967294): 20 bytes: 06000000000000003b0000000000000000000000
[11008.78] RX on DCI from (1, 4294967294): 20 bytes: 06000000000000003b0000000000000000000000
[11008.84] RX on CNTL from (1, 4294967294): 20 bytes: 0600000001000000254000000000000000000000
[11008.84] RX on DATA from (1, 4294967294): 20 bytes: 0600000001000000254000000000000000000000
[11008.85] RX on DCI from (1, 4294967294): 20 bytes: 0600000001000000254000000000000000000000
[11008.90] RX on CNTL from (1, 4294967294): 20 bytes: 06000000000000003c0000000000000000000000
[11008.91] RX on DATA from (1, 4294967294): 20 bytes: 06000000000000003c0000000000000000000000
[11008.91] RX on DCI from (1, 4294967294): 20 bytes: 06000000000000003c0000000000000000000000
[11008.97] RX on CNTL from (1, 4294967294): 20 bytes: 0600000001000000254000000000000000000000
[11008.97] RX on DATA from (1, 4294967294): 20 bytes: 0600000001000000254000000000000000000000
[11008.98] RX on DCI from (1, 4294967294): 20 bytes: 0600000001000000254000000000000000000000
[11009.03] RX on CNTL from (1, 4294967294): 20 bytes: 06000000000000003d0000000000000000000000
[11009.04] RX on DATA from (1, 4294967294): 20 bytes: 06000000000000003d0000000000000000000000
[11009.04] RX on DCI from (1, 4294967294): 20 bytes: 06000000000000003d0000000000000000000000
[11009.10] RX on CNTL from (1, 4294967294): 20 bytes: 06000000010000002a4000000000000000000000
[11009.10] RX on DATA from (1, 4294967294): 20 bytes: 06000000010000002a4000000000000000000000
[11009.11] RX on DCI from (1, 4294967294): 20 bytes: 06000000010000002a4000000000000000000000
[11009.16] RX on CNTL from (1, 4294967294): 20 bytes: 0600000000000000400000000000000000000000
[11009.17] RX on DATA from (1, 4294967294): 20 bytes: 0600000000000000400000000000000000000000
[11009.17] RX on DCI from (1, 4294967294): 20 bytes: 0600000000000000400000000000000000000000
[11009.22] RX on CNTL from (1, 4294967294): 20 bytes: 06000000010000002a4000000000000000000000
[11009.23] RX on DATA from (1, 4294967294): 20 bytes: 06000000010000002a4000000000000000000000
[11009.23] RX on DCI from (1, 4294967294): 20 bytes: 06000000010000002a4000000000000000000000
[11009.29] RX on CNTL from (1, 4294967294): 20 bytes: 06000000000000003e0000000000000000000000
[11009.29] RX on DATA from (1, 4294967294): 20 bytes: 06000000000000003e0000000000000000000000
[11009.29] RX on DCI from (1, 4294967294): 20 bytes: 06000000000000003e0000000000000000000000
[11009.35] RX on CNTL from (1, 4294967294): 20 bytes: 0600000001000000254000000000000000000000
[11009.35] RX on DATA from (1, 4294967294): 20 bytes: 0600000001000000254000000000000000000000
[11009.35] RX on DCI from (1, 4294967294): 20 bytes: 0600000001000000254000000000000000000000
[11009.41] RX on CNTL from (1, 4294967294): 20 bytes: 0600000000000000410000000000000000000000
[11009.41] RX on DATA from (1, 4294967294): 20 bytes: 0600000000000000410000000000000000000000
[11009.42] RX on DCI from (1, 4294967294): 20 bytes: 0600000000000000410000000000000000000000
[11009.47] RX on CNTL from (1, 4294967294): 20 bytes: 0600000001000000254000000000000000000000
[11009.47] RX on DATA from (1, 4294967294): 20 bytes: 0600000001000000254000000000000000000000
[11009.48] RX on DCI from (1, 4294967294): 20 bytes: 0600000001000000254000000000000000000000
[11009.53] RX on CNTL from (1, 4294967294): 20 bytes: 0600000000000000420000000000000000000000
[11009.54] RX on DATA from (1, 4294967294): 20 bytes: 0600000000000000420000000000000000000000
[11009.54] RX on DCI from (1, 4294967294): 20 bytes: 0600000000000000420000000000000000000000
[11009.60] RX on CNTL from (1, 4294967294): 20 bytes: 0600000001000000254000000000000000000000
[11009.60] RX on DATA from (1, 4294967294): 20 bytes: 0600000001000000254000000000000000000000
[11009.61] RX on DCI from (1, 4294967294): 20 bytes: 0600000001000000254000000000000000000000
[11009.66] RX on CNTL from (1, 4294967294): 20 bytes: 0600000000000000580000000000000000000000
[11009.67] RX on DATA from (1, 4294967294): 20 bytes: 0600000000000000580000000000000000000000
[11009.67] RX on DCI from (1, 4294967294): 20 bytes: 0600000000000000580000000000000000000000
[11009.72] RX on CNTL from (1, 4294967294): 20 bytes: 0600000001000000254000000000000000000000
[11009.73] RX on DATA from (1, 4294967294): 20 bytes: 0600000001000000254000000000000000000000
[11009.73] RX on DCI from (1, 4294967294): 20 bytes: 0600000001000000254000000000000000000000
[11009.79] RX on CNTL from (1, 4294967294): 20 bytes: 06000000000000005d0000000000000000000000
[11009.80] RX on DATA from (1, 4294967294): 20 bytes: 06000000000000005d0000000000000000000000
[11009.80] RX on DCI from (1, 4294967294): 20 bytes: 06000000000000005d0000000000000000000000
[11009.85] RX on CNTL from (1, 4294967294): 20 bytes: 0600000001000000254000000000000000000000
[11009.86] RX on DATA from (1, 4294967294): 20 bytes: 0600000001000000254000000000000000000000
[11009.86] RX on DCI from (1, 4294967294): 20 bytes: 0600000001000000254000000000000000000000
[11009.92] RX on CNTL from (1, 4294967294): 20 bytes: 0600000000000000700000000000000000000000
[11009.92] RX on DATA from (1, 4294967294): 20 bytes: 0600000000000000700000000000000000000000
[11009.93] RX on DCI from (1, 4294967294): 20 bytes: 0600000000000000700000000000000000000000
[11009.99] RX on CNTL from (1, 4294967294): 20 bytes: 0600000001000000254000000000000000000000
[11009.99] RX on DATA from (1, 4294967294): 20 bytes: 0600000001000000254000000000000000000000
[11009.99] RX on DCI from (1, 4294967294): 20 bytes: 0600000001000000254000000000000000000000
[11011.34] RX on CNTL from (1, 4294967294): 20 bytes: 06000000000000007a0000000000000000000000
[11011.34] RX on DATA from (1, 4294967294): 20 bytes: 06000000000000007a0000000000000000000000
[11011.35] RX on DCI from (1, 4294967294): 20 bytes: 06000000000000007a0000000000000000000000
[11011.40] RX on CNTL from (1, 4294967294): 20 bytes: 06000000000000007c0000000000000000000000
[11011.41] RX on DATA from (1, 4294967294): 20 bytes: 06000000000000007c0000000000000000000000
[11011.41] RX on DCI from (1, 4294967294): 20 bytes: 06000000000000007c0000000000000000000000
[11011.72] RX on CNTL from (1, 4294967294): 20 bytes: 06000000010000002a4000000000000000000000
[11011.73] RX on DATA from (1, 4294967294): 20 bytes: 06000000010000002a4000000000000000000000
[11011.73] RX on DCI from (1, 4294967294): 20 bytes: 06000000010000002a4000000000000000000000
[11015.38] modem CMD service at node 0 port 26
[11015.38] RAW request: 4b0b27000d000300010004000000000002000400010000000300040000000000
[11015.38]   published NEW_SERVER (inst 1/CMD) from node 1 port 0 -> now the COMMAND peer
[11015.89]   DATA REPLY 1: 20 B  06000000010000002b4000000000000000000000
[11015.89]      txt: ........+@..........
[11015.89]   DATA REPLY 2: 20 B  06000000010000002b4000000000000000000000
[11015.89]      txt: ........+@..........
[11015.90]   DATA REPLY 3: 20 B  06000000010000002b4000000000000000000000
[11015.92]      txt: ........+@..........
[11015.94]   CMD REPLY 4: 63 B  4b0b27000d00030001000000000006010000010902000100070300010108040002000205000201050600030003070003010408000400010900040100aa8e7e
[11015.94]      txt: K.'...........................................................~
[11016.29]   CMD REPLY 5: 20 B  0600000000000000810000000000000000000000
[11016.30]      txt: ....................
[11016.30]   DATA REPLY 6: 20 B  0600000000000000810000000000000000000000
[11016.30]      txt: ....................
[11016.30]   DATA REPLY 7: 20 B  0600000000000000810000000000000000000000
[11016.30]      txt: ....................
[11016.31]   DATA REPLY 8: 20 B  0600000000000000810000000000000000000000
[11016.31]      txt: ....................
[11016.31]   CMD REPLY 9: 20 B  06000000010000002c4000000000000000000000
[11016.31]      txt: ........,@..........
[11016.32]   DATA REPLY 10: 20 B  06000000010000002c4000000000000000000000
[11016.32]      txt: ........,@..........
[11016.32]   DATA REPLY 11: 20 B  06000000010000002c4000000000000000000000
[11016.32]      txt: ........,@..........
[11016.33]   DATA REPLY 12: 20 B  06000000010000002c4000000000000000000000
[11016.33]      txt: ........,@..........
[11016.33]   CMD REPLY 13: 20 B  06000000010000002c4000000000000000000000
[11016.34]      txt: ........,@..........
[11016.34]   DATA REPLY 14: 20 B  06000000010000002c4000000000000000000000
[11016.34]      txt: ........,@..........
[11016.35]   DATA REPLY 15: 20 B  06000000010000002c4000000000000000000000
[11016.35]      txt: ........,@..........
[11016.35]   DATA REPLY 16: 20 B  06000000010000002c4000000000000000000000
[11016.36]      txt: ........,@..........
[11016.36]   CMD REPLY 17: 20 B  0600000000000000820000000000000000000000
[11016.37]      txt: ....................
[11016.37]   DATA REPLY 18: 20 B  0600000000000000820000000000000000000000
[11016.37]      txt: ....................
[11016.38]   DATA REPLY 19: 20 B  0600000000000000820000000000000000000000
[11016.38]      txt: ....................
[11016.38]   DATA REPLY 20: 20 B  0600000000000000820000000000000000000000
[11016.39]      txt: ....................
[11016.39]   CMD REPLY 21: 20 B  0600000000000000830000000000000000000000
[11016.40]      txt: ....................
[11016.40]   DATA REPLY 22: 20 B  0600000000000000830000000000000000000000
[11016.40]      txt: ....................
[11016.41]   DATA REPLY 23: 20 B  0600000000000000830000000000000000000000
[11016.41]      txt: ....................
[11016.41]   DATA REPLY 24: 20 B  0600000000000000830000000000000000000000
[11016.41]      txt: ....................
[11016.42]   CMD REPLY 25: 20 B  06000000010000002c4000000000000000000000
[11016.42]      txt: ........,@..........
[11016.42]   DATA REPLY 26: 20 B  06000000010000002c4000000000000000000000
[11016.42]      txt: ........,@..........
[11016.42]   DATA REPLY 27: 20 B  06000000010000002c4000000000000000000000
[11016.42]      txt: ........,@..........
[11016.43]   DATA REPLY 28: 20 B  06000000010000002c4000000000000000000000
[11016.43]      txt: ........,@..........
[11016.43]   CMD REPLY 29: 20 B  0600000000000000840000000000000000000000
[11016.43]      txt: ....................
[11016.43]   DATA REPLY 30: 20 B  0600000000000000840000000000000000000000
[11016.43]      txt: ....................
[11016.44]   DATA REPLY 31: 20 B  0600000000000000840000000000000000000000
[11016.44]      txt: ....................
[11016.44]   DATA REPLY 32: 20 B  0600000000000000840000000000000000000000
[11016.44]      txt: ....................
[11016.44]   CMD REPLY 33: 20 B  06000000010000002e4000000000000000000000
[11016.45]      txt: .........@..........
[11016.45]   DATA REPLY 34: 20 B  06000000010000002e4000000000000000000000
[11016.45]      txt: .........@..........
[11016.46]   DATA REPLY 35: 20 B  06000000010000002e4000000000000000000000
[11016.46]      txt: .........@..........
[11016.46]   DATA REPLY 36: 20 B  06000000010000002e4000000000000000000000
[11016.47]      txt: .........@..........
[11016.47]   CMD REPLY 37: 20 B  0600000000000000850000000000000000000000
[11016.47]      txt: ....................
[11016.48]   DATA REPLY 38: 20 B  0600000000000000850000000000000000000000
[11016.48]      txt: ....................
[11016.48]   DATA REPLY 39: 20 B  0600000000000000850000000000000000000000
[11016.49]      txt: ....................
[11016.49]   DATA REPLY 40: 20 B  0600000000000000850000000000000000000000
[11016.49]      txt: ....................
[11016.49]   CMD REPLY 41: 20 B  0600000000000000860000000000000000000000
[11016.50]      txt: ....................
[11016.50]   DATA REPLY 42: 20 B  0600000000000000860000000000000000000000
[11016.51]      txt: ....................
[11016.51]   DATA REPLY 43: 20 B  0600000000000000860000000000000000000000
[11016.51]      txt: ....................
[11016.52]   DATA REPLY 44: 20 B  0600000000000000860000000000000000000000
[11016.52]      txt: ....................
[11016.52]   CMD REPLY 45: 20 B  06000000010000002e4000000000000000000000
[11016.52]      txt: .........@..........
[11016.52]   DATA REPLY 46: 20 B  06000000010000002e4000000000000000000000
[11016.53]      txt: .........@..........
[11016.53]   DATA REPLY 47: 20 B  06000000010000002e4000000000000000000000
[11016.53]      txt: .........@..........
[11016.53]   DATA REPLY 48: 20 B  06000000010000002e4000000000000000000000
[11016.53]      txt: .........@..........
[11016.54]   CMD REPLY 49: 20 B  0600000000000000870000000000000000000000
[11016.54]      txt: ....................
[11016.54]   DATA REPLY 50: 20 B  0600000000000000870000000000000000000000
[11016.54]      txt: ....................
[11016.54]   DATA REPLY 51: 20 B  0600000000000000870000000000000000000000
[11016.55]      txt: ....................
[11016.55]   DATA REPLY 52: 20 B  0600000000000000870000000000000000000000
[11016.55]      txt: ....................
[11016.55]   CMD REPLY 53: 20 B  06000000010000002e4000000000000000000000
[11016.55]      txt: .........@..........
[11016.56]   DATA REPLY 54: 20 B  06000000010000002e4000000000000000000000
[11016.56]      txt: .........@..........
[11016.56]   DATA REPLY 55: 20 B  06000000010000002e4000000000000000000000
[11016.56]      txt: .........@..........
[11016.57]   DATA REPLY 56: 20 B  06000000010000002e4000000000000000000000
[11016.57]      txt: .........@..........
[11028.69]   CMD REPLY 57: 20 B  06000000010000002a4000000000000000000000
[11028.70]      txt: ........*@..........
[11028.71]   DATA REPLY 58: 20 B  06000000010000002a4000000000000000000000
[11028.71]      txt: ........*@..........
[11028.72]   DATA REPLY 59: 20 B  06000000010000002a4000000000000000000000
[11028.72]      txt: ........*@..........
[11028.72]   DATA REPLY 60: 20 B  06000000010000002a4000000000000000000000
[11028.73]      txt: ........*@..........
[11031.75] RAW done
[11031.80] RX on CNTL from (1, 4294967294): 20 bytes: 06000000010000002b4000000000000000000000
[11031.81] RX on DATA from (1, 4294967294): 20 bytes: 06000000010000002b4000000000000000000000
[11031.81] RX on DCI from (1, 4294967294): 20 bytes: 06000000010000002b4000000000000000000000
[11056.73] RX on CNTL from (1, 4294967294): 20 bytes: 06000000010000001d4000000000000000000000
[11056.73] RX on DATA from (1, 4294967294): 20 bytes: 06000000010000001d4000000000000000000000
[11056.74] RX on DCI from (1, 4294967294): 20 bytes: 06000000010000001d4000000000000000000000
[11056.79] RX on CNTL from (1, 4294967294): 20 bytes: 0600000001000000284000000000000000000000
[11056.80] RX on DATA from (1, 4294967294): 20 bytes: 0600000001000000284000000000000000000000
[11056.80] RX on DCI from (1, 4294967294): 20 bytes: 0600000001000000284000000000000000000000
[11056.85] RX on CNTL from (1, 4294967294): 20 bytes: 0600000001000000294000000000000000000000
[11056.86] RX on DATA from (1, 4294967294): 20 bytes: 0600000001000000294000000000000000000000
[11056.86] RX on DCI from (1, 4294967294): 20 bytes: 0600000001000000294000000000000000000000
[11057.17] RX on CNTL from (1, 4294967294): 20 bytes: 06000000000000001c0000000000000000000000
[11057.18] RX on DATA from (1, 4294967294): 20 bytes: 06000000000000001c0000000000000000000000
[11057.18] RX on DCI from (1, 4294967294): 20 bytes: 06000000000000001c0000000000000000000000
[11057.24] RX on CNTL from (1, 4294967294): 20 bytes: 0600000000000000190000000000000000000000
[11057.24] RX on DATA from (1, 4294967294): 20 bytes: 0600000000000000190000000000000000000000
[11057.25] RX on DCI from (1, 4294967294): 20 bytes: 0600000000000000190000000000000000000000
[11060.38] done. 19 packets received on the diag services.
[11060.39] DIAG glink channels now: none
